  Determining projects to restore...
d:\ITI 9 month PD\MVC\Social Media Platform\SocialMedia.Application\SocialMedia.Application.csproj : warning NU1903: Package 'AutoMapper' 13.0.1 has a known high severity vulnerability, https://github.com/advisories/GHSA-rvv3-g6hj-g44x [d:\ITI 9 month PD\MVC\Social Media Platform\SocialMedia.Web\SocialMedia.Web.csproj]
  All projects are up-to-date for restore.
d:\ITI 9 month PD\MVC\Social Media Platform\SocialMedia.Application\SocialMedia.Application.csproj : warning NU1903: Package 'AutoMapper' 13.0.1 has a known high severity vulnerability, https://github.com/advisories/GHSA-rvv3-g6hj-g44x
  SocialMedia.Domain -> d:\ITI 9 month PD\MVC\Social Media Platform\SocialMedia.Domain\bin\Debug\net8.0\SocialMedia.Domain.dll
  SocialMedia.Application -> d:\ITI 9 month PD\MVC\Social Media Platform\SocialMedia.Application\bin\Debug\net8.0\SocialMedia.Application.dll
  SocialMedia.Infrastructure -> d:\ITI 9 month PD\MVC\Social Media Platform\SocialMedia.Infrastructure\bin\Debug\net8.0\SocialMedia.Infrastructure.dll
d:\ITI 9 month PD\MVC\Social Media Platform\SocialMedia.Web\Controllers\ProfileController.cs(36,60): warning CS8625: Cannot convert null literal to non-nullable reference type. [d:\ITI 9 month PD\MVC\Social Media Platform\SocialMedia.Web\SocialMedia.Web.csproj]
d:\ITI 9 month PD\MVC\Social Media Platform\SocialMedia.Web\ViewModels\RegisterViewModel.cs(11,23): warning CS8618: Non-nullable property 'UserName' must contain a non-null value when exiting constructor. Consider adding the 'required' modifier or declaring the property as nullable. [d:\ITI 9 month PD\MVC\Social Media Platform\SocialMedia.Web\SocialMedia.Web.csproj]
d:\ITI 9 month PD\MVC\Social Media Platform\SocialMedia.Web\ViewModels\RegisterViewModel.cs(14,23): warning CS8618: Non-nullable property 'Email' must contain a non-null value when exiting constructor. Consider adding the 'required' modifier or declaring the property as nullable. [d:\ITI 9 month PD\MVC\Social Media Platform\SocialMedia.Web\SocialMedia.Web.csproj]
d:\ITI 9 month PD\MVC\Social Media Platform\SocialMedia.Web\ViewModels\RegisterViewModel.cs(19,23): warning CS8618: Non-nullable property 'Password' must contain a non-null value when exiting constructor. Consider adding the 'required' modifier or declaring the property as nullable. [d:\ITI 9 month PD\MVC\Social Media Platform\SocialMedia.Web\SocialMedia.Web.csproj]
d:\ITI 9 month PD\MVC\Social Media Platform\SocialMedia.Web\ViewModels\RegisterViewModel.cs(23,23): warning CS8618: Non-nullable property 'ConfirmPassword' must contain a non-null value when exiting constructor. Consider adding the 'required' modifier or declaring the property as nullable. [d:\ITI 9 month PD\MVC\Social Media Platform\SocialMedia.Web\SocialMedia.Web.csproj]
d:\ITI 9 month PD\MVC\Social Media Platform\SocialMedia.Web\ViewModels\ProfileViewModel.cs(7,23): warning CS8618: Non-nullable property 'UserName' must contain a non-null value when exiting constructor. Consider adding the 'required' modifier or declaring the property as nullable. [d:\ITI 9 month PD\MVC\Social Media Platform\SocialMedia.Web\SocialMedia.Web.csproj]
d:\ITI 9 month PD\MVC\Social Media Platform\SocialMedia.Web\ViewModels\LoginViewModel.cs(9,23): warning CS8618: Non-nullable property 'Email' must contain a non-null value when exiting constructor. Consider adding the 'required' modifier or declaring the property as nullable. [d:\ITI 9 month PD\MVC\Social Media Platform\SocialMedia.Web\SocialMedia.Web.csproj]
d:\ITI 9 month PD\MVC\Social Media Platform\SocialMedia.Web\ViewModels\LoginViewModel.cs(12,23): warning CS8618: Non-nullable property 'Password' must contain a non-null value when exiting constructor. Consider adding the 'required' modifier or declaring the property as nullable. [d:\ITI 9 month PD\MVC\Social Media Platform\SocialMedia.Web\SocialMedia.Web.csproj]
d:\ITI 9 month PD\MVC\Social Media Platform\SocialMedia.Web\ViewModels\EditProfileViewModel.cs(7,23): warning CS8618: Non-nullable property 'UserName' must contain a non-null value when exiting constructor. Consider adding the 'required' modifier or declaring the property as nullable. [d:\ITI 9 month PD\MVC\Social Media Platform\SocialMedia.Web\SocialMedia.Web.csproj]
d:\ITI 9 month PD\MVC\Social Media Platform\SocialMedia.Web\ViewModels\ChangePasswordViewModel.cs(10,23): warning CS8618: Non-nullable property 'CurrentPassword' must contain a non-null value when exiting constructor. Consider adding the 'required' modifier or declaring the property as nullable. [d:\ITI 9 month PD\MVC\Social Media Platform\SocialMedia.Web\SocialMedia.Web.csproj]
d:\ITI 9 month PD\MVC\Social Media Platform\SocialMedia.Web\ViewModels\ChangePasswordViewModel.cs(16,23): warning CS8618: Non-nullable property 'NewPassword' must contain a non-null value when exiting constructor. Consider adding the 'required' modifier or declaring the property as nullable. [d:\ITI 9 month PD\MVC\Social Media Platform\SocialMedia.Web\SocialMedia.Web.csproj]
d:\ITI 9 month PD\MVC\Social Media Platform\SocialMedia.Web\ViewModels\ChangePasswordViewModel.cs(21,23): warning CS8618: Non-nullable property 'ConfirmNewPassword' must contain a non-null value when exiting constructor. Consider adding the 'required' modifier or declaring the property as nullable. [d:\ITI 9 month PD\MVC\Social Media Platform\SocialMedia.Web\SocialMedia.Web.csproj]
d:\ITI 9 month PD\MVC\Social Media Platform\SocialMedia.Web\Controllers\ProfileController.cs(230,30): warning CS0168: The variable 'ex' is declared but never used [d:\ITI 9 month PD\MVC\Social Media Platform\SocialMedia.Web\SocialMedia.Web.csproj]
d:\ITI 9 month PD\MVC\Social Media Platform\SocialMedia.Web\Views\Shared\_PostPartial.cshtml(44,65): error CS0103: The name 'avatarUrl' does not exist in the current context [d:\ITI 9 month PD\MVC\Social Media Platform\SocialMedia.Web\SocialMedia.Web.csproj]
d:\ITI 9 month PD\MVC\Social Media Platform\SocialMedia.Web\Views\Shared\_PostPartial.cshtml(58,30): error CS0103: The name 'isOwner' does not exist in the current context [d:\ITI 9 month PD\MVC\Social Media Platform\SocialMedia.Web\SocialMedia.Web.csproj]
d:\ITI 9 month PD\MVC\Social Media Platform\SocialMedia.Web\Views\Shared\_PostPartial.cshtml(110,86): error CS0103: The name 'reactionStr' does not exist in the current context [d:\ITI 9 month PD\MVC\Social Media Platform\SocialMedia.Web\SocialMedia.Web.csproj]
d:\ITI 9 month PD\MVC\Social Media Platform\SocialMedia.Web\Views\Shared\_PostPartial.cshtml(123,57): error CS0103: The name 'hasReaction' does not exist in the current context [d:\ITI 9 month PD\MVC\Social Media Platform\SocialMedia.Web\SocialMedia.Web.csproj]
d:\ITI 9 month PD\MVC\Social Media Platform\SocialMedia.Web\Views\Shared\_PostPartial.cshtml(126,58): error CS0103: The name 'hasReaction' does not exist in the current context [d:\ITI 9 month PD\MVC\Social Media Platform\SocialMedia.Web\SocialMedia.Web.csproj]
d:\ITI 9 month PD\MVC\Social Media Platform\SocialMedia.Web\Views\Shared\_PostPartial.cshtml(126,72): error CS0103: The name 'reactionEmoji' does not exist in the current context [d:\ITI 9 month PD\MVC\Social Media Platform\SocialMedia.Web\SocialMedia.Web.csproj]
d:\ITI 9 month PD\MVC\Social Media Platform\SocialMedia.Web\Views\Shared\_PostPartial.cshtml(127,58): error CS0103: The name 'hasReaction' does not exist in the current context [d:\ITI 9 month PD\MVC\Social Media Platform\SocialMedia.Web\SocialMedia.Web.csproj]
d:\ITI 9 month PD\MVC\Social Media Platform\SocialMedia.Web\Views\Shared\_PostPartial.cshtml(127,72): error CS0103: The name 'reactionStr' does not exist in the current context [d:\ITI 9 month PD\MVC\Social Media Platform\SocialMedia.Web\SocialMedia.Web.csproj]
d:\ITI 9 month PD\MVC\Social Media Platform\SocialMedia.Web\Views\Shared\_PostPartial.cshtml(135,71): error CS0103: The name 'reactionStr' does not exist in the current context [d:\ITI 9 month PD\MVC\Social Media Platform\SocialMedia.Web\SocialMedia.Web.csproj]
d:\ITI 9 month PD\MVC\Social Media Platform\SocialMedia.Web\Views\Shared\_PostPartial.cshtml(142,38): error CS0103: The name 'hasReaction' does not exist in the current context [d:\ITI 9 month PD\MVC\Social Media Platform\SocialMedia.Web\SocialMedia.Web.csproj]
d:\ITI 9 month PD\MVC\Social Media Platform\SocialMedia.Web\Views\Shared\_PostPartial.cshtml(6,27): warning CS8602: Dereference of a possibly null reference. [d:\ITI 9 month PD\MVC\Social Media Platform\SocialMedia.Web\SocialMedia.Web.csproj]
d:\ITI 9 month PD\MVC\Social Media Platform\SocialMedia.Web\Views\Home\Index.cshtml(35,12): warning CS8321: The local function 'AvatarColor' is declared but never used [d:\ITI 9 month PD\MVC\Social Media Platform\SocialMedia.Web\SocialMedia.Web.csproj]
d:\ITI 9 month PD\MVC\Social Media Platform\SocialMedia.Web\Views\Home\Index.cshtml(38,12): warning CS8321: The local function 'Initials' is declared but never used [d:\ITI 9 month PD\MVC\Social Media Platform\SocialMedia.Web\SocialMedia.Web.csproj]
d:\ITI 9 month PD\MVC\Social Media Platform\SocialMedia.Web\Views\Home\Index.cshtml(47,12): warning CS8321: The local function 'TimeAgo' is declared but never used [d:\ITI 9 month PD\MVC\Social Media Platform\SocialMedia.Web\SocialMedia.Web.csproj]

Build FAILED.

d:\ITI 9 month PD\MVC\Social Media Platform\SocialMedia.Application\SocialMedia.Application.csproj : warning NU1903: Package 'AutoMapper' 13.0.1 has a known high severity vulnerability, https://github.com/advisories/GHSA-rvv3-g6hj-g44x [d:\ITI 9 month PD\MVC\Social Media Platform\SocialMedia.Web\SocialMedia.Web.csproj]
d:\ITI 9 month PD\MVC\Social Media Platform\SocialMedia.Application\SocialMedia.Application.csproj : warning NU1903: Package 'AutoMapper' 13.0.1 has a known high severity vulnerability, https://github.com/advisories/GHSA-rvv3-g6hj-g44x
d:\ITI 9 month PD\MVC\Social Media Platform\SocialMedia.Web\Controllers\ProfileController.cs(36,60): warning CS8625: Cannot convert null literal to non-nullable reference type. [d:\ITI 9 month PD\MVC\Social Media Platform\SocialMedia.Web\SocialMedia.Web.csproj]
d:\ITI 9 month PD\MVC\Social Media Platform\SocialMedia.Web\ViewModels\RegisterViewModel.cs(11,23): warning CS8618: Non-nullable property 'UserName' must contain a non-null value when exiting constructor. Consider adding the 'required' modifier or declaring the property as nullable. [d:\ITI 9 month PD\MVC\Social Media Platform\SocialMedia.Web\SocialMedia.Web.csproj]
d:\ITI 9 month PD\MVC\Social Media Platform\SocialMedia.Web\ViewModels\RegisterViewModel.cs(14,23): warning CS8618: Non-nullable property 'Email' must contain a non-null value when exiting constructor. Consider adding the 'required' modifier or declaring the property as nullable. [d:\ITI 9 month PD\MVC\Social Media Platform\SocialMedia.Web\SocialMedia.Web.csproj]
d:\ITI 9 month PD\MVC\Social Media Platform\SocialMedia.Web\ViewModels\RegisterViewModel.cs(19,23): warning CS8618: Non-nullable property 'Password' must contain a non-null value when exiting constructor. Consider adding the 'required' modifier or declaring the property as nullable. [d:\ITI 9 month PD\MVC\Social Media Platform\SocialMedia.Web\SocialMedia.Web.csproj]
d:\ITI 9 month PD\MVC\Social Media Platform\SocialMedia.Web\ViewModels\RegisterViewModel.cs(23,23): warning CS8618: Non-nullable property 'ConfirmPassword' must contain a non-null value when exiting constructor. Consider adding the 'required' modifier or declaring the property as nullable. [d:\ITI 9 month PD\MVC\Social Media Platform\SocialMedia.Web\SocialMedia.Web.csproj]
d:\ITI 9 month PD\MVC\Social Media Platform\SocialMedia.Web\ViewModels\ProfileViewModel.cs(7,23): warning CS8618: Non-nullable property 'UserName' must contain a non-null value when exiting constructor. Consider adding the 'required' modifier or declaring the property as nullable. [d:\ITI 9 month PD\MVC\Social Media Platform\SocialMedia.Web\SocialMedia.Web.csproj]
d:\ITI 9 month PD\MVC\Social Media Platform\SocialMedia.Web\ViewModels\LoginViewModel.cs(9,23): warning CS8618: Non-nullable property 'Email' must contain a non-null value when exiting constructor. Consider adding the 'required' modifier or declaring the property as nullable. [d:\ITI 9 month PD\MVC\Social Media Platform\SocialMedia.Web\SocialMedia.Web.csproj]
d:\ITI 9 month PD\MVC\Social Media Platform\SocialMedia.Web\ViewModels\LoginViewModel.cs(12,23): warning CS8618: Non-nullable property 'Password' must contain a non-null value when exiting constructor. Consider adding the 'required' modifier or declaring the property as nullable. [d:\ITI 9 month PD\MVC\Social Media Platform\SocialMedia.Web\SocialMedia.Web.csproj]
d:\ITI 9 month PD\MVC\Social Media Platform\SocialMedia.Web\ViewModels\EditProfileViewModel.cs(7,23): warning CS8618: Non-nullable property 'UserName' must contain a non-null value when exiting constructor. Consider adding the 'required' modifier or declaring the property as nullable. [d:\ITI 9 month PD\MVC\Social Media Platform\SocialMedia.Web\SocialMedia.Web.csproj]
d:\ITI 9 month PD\MVC\Social Media Platform\SocialMedia.Web\ViewModels\ChangePasswordViewModel.cs(10,23): warning CS8618: Non-nullable property 'CurrentPassword' must contain a non-null value when exiting constructor. Consider adding the 'required' modifier or declaring the property as nullable. [d:\ITI 9 month PD\MVC\Social Media Platform\SocialMedia.Web\SocialMedia.Web.csproj]
d:\ITI 9 month PD\MVC\Social Media Platform\SocialMedia.Web\ViewModels\ChangePasswordViewModel.cs(16,23): warning CS8618: Non-nullable property 'NewPassword' must contain a non-null value when exiting constructor. Consider adding the 'required' modifier or declaring the property as nullable. [d:\ITI 9 month PD\MVC\Social Media Platform\SocialMedia.Web\SocialMedia.Web.csproj]
d:\ITI 9 month PD\MVC\Social Media Platform\SocialMedia.Web\ViewModels\ChangePasswordViewModel.cs(21,23): warning CS8618: Non-nullable property 'ConfirmNewPassword' must contain a non-null value when exiting constructor. Consider adding the 'required' modifier or declaring the property as nullable. [d:\ITI 9 month PD\MVC\Social Media Platform\SocialMedia.Web\SocialMedia.Web.csproj]
d:\ITI 9 month PD\MVC\Social Media Platform\SocialMedia.Web\Controllers\ProfileController.cs(230,30): warning CS0168: The variable 'ex' is declared but never used [d:\ITI 9 month PD\MVC\Social Media Platform\SocialMedia.Web\SocialMedia.Web.csproj]
d:\ITI 9 month PD\MVC\Social Media Platform\SocialMedia.Web\Views\Shared\_PostPartial.cshtml(6,27): warning CS8602: Dereference of a possibly null reference. [d:\ITI 9 month PD\MVC\Social Media Platform\SocialMedia.Web\SocialMedia.Web.csproj]
d:\ITI 9 month PD\MVC\Social Media Platform\SocialMedia.Web\Views\Home\Index.cshtml(35,12): warning CS8321: The local function 'AvatarColor' is declared but never used [d:\ITI 9 month PD\MVC\Social Media Platform\SocialMedia.Web\SocialMedia.Web.csproj]
d:\ITI 9 month PD\MVC\Social Media Platform\SocialMedia.Web\Views\Home\Index.cshtml(38,12): warning CS8321: The local function 'Initials' is declared but never used [d:\ITI 9 month PD\MVC\Social Media Platform\SocialMedia.Web\SocialMedia.Web.csproj]
d:\ITI 9 month PD\MVC\Social Media Platform\SocialMedia.Web\Views\Home\Index.cshtml(47,12): warning CS8321: The local function 'TimeAgo' is declared but never used [d:\ITI 9 month PD\MVC\Social Media Platform\SocialMedia.Web\SocialMedia.Web.csproj]
d:\ITI 9 month PD\MVC\Social Media Platform\SocialMedia.Web\Views\Shared\_PostPartial.cshtml(44,65): error CS0103: The name 'avatarUrl' does not exist in the current context [d:\ITI 9 month PD\MVC\Social Media Platform\SocialMedia.Web\SocialMedia.Web.csproj]
d:\ITI 9 month PD\MVC\Social Media Platform\SocialMedia.Web\Views\Shared\_PostPartial.cshtml(58,30): error CS0103: The name 'isOwner' does not exist in the current context [d:\ITI 9 month PD\MVC\Social Media Platform\SocialMedia.Web\SocialMedia.Web.csproj]
d:\ITI 9 month PD\MVC\Social Media Platform\SocialMedia.Web\Views\Shared\_PostPartial.cshtml(110,86): error CS0103: The name 'reactionStr' does not exist in the current context [d:\ITI 9 month PD\MVC\Social Media Platform\SocialMedia.Web\SocialMedia.Web.csproj]
d:\ITI 9 month PD\MVC\Social Media Platform\SocialMedia.Web\Views\Shared\_PostPartial.cshtml(123,57): error CS0103: The name 'hasReaction' does not exist in the current context [d:\ITI 9 month PD\MVC\Social Media Platform\SocialMedia.Web\SocialMedia.Web.csproj]
d:\ITI 9 month PD\MVC\Social Media Platform\SocialMedia.Web\Views\Shared\_PostPartial.cshtml(126,58): error CS0103: The name 'hasReaction' does not exist in the current context [d:\ITI 9 month PD\MVC\Social Media Platform\SocialMedia.Web\SocialMedia.Web.csproj]
d:\ITI 9 month PD\MVC\Social Media Platform\SocialMedia.Web\Views\Shared\_PostPartial.cshtml(126,72): error CS0103: The name 'reactionEmoji' does not exist in the current context [d:\ITI 9 month PD\MVC\Social Media Platform\SocialMedia.Web\SocialMedia.Web.csproj]
d:\ITI 9 month PD\MVC\Social Media Platform\SocialMedia.Web\Views\Shared\_PostPartial.cshtml(127,58): error CS0103: The name 'hasReaction' does not exist in the current context [d:\ITI 9 month PD\MVC\Social Media Platform\SocialMedia.Web\SocialMedia.Web.csproj]
d:\ITI 9 month PD\MVC\Social Media Platform\SocialMedia.Web\Views\Shared\_PostPartial.cshtml(127,72): error CS0103: The name 'reactionStr' does not exist in the current context [d:\ITI 9 month PD\MVC\Social Media Platform\SocialMedia.Web\SocialMedia.Web.csproj]
d:\ITI 9 month PD\MVC\Social Media Platform\SocialMedia.Web\Views\Shared\_PostPartial.cshtml(135,71): error CS0103: The name 'reactionStr' does not exist in the current context [d:\ITI 9 month PD\MVC\Social Media Platform\SocialMedia.Web\SocialMedia.Web.csproj]
d:\ITI 9 month PD\MVC\Social Media Platform\SocialMedia.Web\Views\Shared\_PostPartial.cshtml(142,38): error CS0103: The name 'hasReaction' does not exist in the current context [d:\ITI 9 month PD\MVC\Social Media Platform\SocialMedia.Web\SocialMedia.Web.csproj]
    19 Warning(s)
    10 Error(s)

Time Elapsed 00:00:03.93
